Archive member included because of file (symbol)

c:/users/anoos/onedrivefacultyofengineeringainshamsuniversity/desktop/imt_sdk_win_64/imt_sdk_win_64/winavr/bin/../lib/gcc/avr/4.3.3/avr5\libgcc.a(_udivmodsi4.o)
                              ./SRC/HAL/LCD/Lcd.o (__udivmodsi4)
c:/users/anoos/onedrivefacultyofengineeringainshamsuniversity/desktop/imt_sdk_win_64/imt_sdk_win_64/winavr/bin/../lib/gcc/avr/4.3.3/avr5\libgcc.a(_exit.o)
                              c:/users/anoos/onedrivefacultyofengineeringainshamsuniversity/desktop/imt_sdk_win_64/imt_sdk_win_64/winavr/bin/../lib/gcc/avr/4.3.3/../../../../avr/lib/avr5/crtm32.o (exit)
c:/users/anoos/onedrivefacultyofengineeringainshamsuniversity/desktop/imt_sdk_win_64/imt_sdk_win_64/winavr/bin/../lib/gcc/avr/4.3.3/avr5\libgcc.a(_copy_data.o)
                              ./SRC/HAL/KEYPAD/Keypad.o (__do_copy_data)
c:/users/anoos/onedrivefacultyofengineeringainshamsuniversity/desktop/imt_sdk_win_64/imt_sdk_win_64/winavr/bin/../lib/gcc/avr/4.3.3/avr5\libgcc.a(_clear_bss.o)
                              ./SRC/MCAL/UART/UART.o (__do_clear_bss)
c:/users/anoos/onedrivefacultyofengineeringainshamsuniversity/desktop/imt_sdk_win_64/imt_sdk_win_64/winavr/bin/../lib/gcc/avr/4.3.3/avr5\libgcc.a(_fixunssfsi.o)
                              ./SRC/HAL/LCD/Lcd.o (__fixunssfsi)
c:/users/anoos/onedrivefacultyofengineeringainshamsuniversity/desktop/imt_sdk_win_64/imt_sdk_win_64/winavr/bin/../lib/gcc/avr/4.3.3/avr5\libgcc.a(_addsub_sf.o)
                              c:/users/anoos/onedrivefacultyofengineeringainshamsuniversity/desktop/imt_sdk_win_64/imt_sdk_win_64/winavr/bin/../lib/gcc/avr/4.3.3/avr5\libgcc.a(_fixunssfsi.o) (__subsf3)
c:/users/anoos/onedrivefacultyofengineeringainshamsuniversity/desktop/imt_sdk_win_64/imt_sdk_win_64/winavr/bin/../lib/gcc/avr/4.3.3/avr5\libgcc.a(_mul_sf.o)
                              ./SRC/HAL/LCD/Lcd.o (__mulsf3)
c:/users/anoos/onedrivefacultyofengineeringainshamsuniversity/desktop/imt_sdk_win_64/imt_sdk_win_64/winavr/bin/../lib/gcc/avr/4.3.3/avr5\libgcc.a(_gt_sf.o)
                              ./SRC/HAL/LCD/Lcd.o (__gtsf2)
c:/users/anoos/onedrivefacultyofengineeringainshamsuniversity/desktop/imt_sdk_win_64/imt_sdk_win_64/winavr/bin/../lib/gcc/avr/4.3.3/avr5\libgcc.a(_ge_sf.o)
                              c:/users/anoos/onedrivefacultyofengineeringainshamsuniversity/desktop/imt_sdk_win_64/imt_sdk_win_64/winavr/bin/../lib/gcc/avr/4.3.3/avr5\libgcc.a(_fixunssfsi.o) (__gesf2)
c:/users/anoos/onedrivefacultyofengineeringainshamsuniversity/desktop/imt_sdk_win_64/imt_sdk_win_64/winavr/bin/../lib/gcc/avr/4.3.3/avr5\libgcc.a(_lt_sf.o)
                              ./SRC/HAL/LCD/Lcd.o (__ltsf2)
c:/users/anoos/onedrivefacultyofengineeringainshamsuniversity/desktop/imt_sdk_win_64/imt_sdk_win_64/winavr/bin/../lib/gcc/avr/4.3.3/avr5\libgcc.a(_sf_to_si.o)
                              c:/users/anoos/onedrivefacultyofengineeringainshamsuniversity/desktop/imt_sdk_win_64/imt_sdk_win_64/winavr/bin/../lib/gcc/avr/4.3.3/avr5\libgcc.a(_fixunssfsi.o) (__fixsfsi)
c:/users/anoos/onedrivefacultyofengineeringainshamsuniversity/desktop/imt_sdk_win_64/imt_sdk_win_64/winavr/bin/../lib/gcc/avr/4.3.3/avr5\libgcc.a(_thenan_sf.o)
                              c:/users/anoos/onedrivefacultyofengineeringainshamsuniversity/desktop/imt_sdk_win_64/imt_sdk_win_64/winavr/bin/../lib/gcc/avr/4.3.3/avr5\libgcc.a(_addsub_sf.o) (__thenan_sf)
c:/users/anoos/onedrivefacultyofengineeringainshamsuniversity/desktop/imt_sdk_win_64/imt_sdk_win_64/winavr/bin/../lib/gcc/avr/4.3.3/avr5\libgcc.a(_prologue.o)
                              c:/users/anoos/onedrivefacultyofengineeringainshamsuniversity/desktop/imt_sdk_win_64/imt_sdk_win_64/winavr/bin/../lib/gcc/avr/4.3.3/avr5\libgcc.a(_addsub_sf.o) (__prologue_saves__)
c:/users/anoos/onedrivefacultyofengineeringainshamsuniversity/desktop/imt_sdk_win_64/imt_sdk_win_64/winavr/bin/../lib/gcc/avr/4.3.3/avr5\libgcc.a(_epilogue.o)
                              c:/users/anoos/onedrivefacultyofengineeringainshamsuniversity/desktop/imt_sdk_win_64/imt_sdk_win_64/winavr/bin/../lib/gcc/avr/4.3.3/avr5\libgcc.a(_addsub_sf.o) (__epilogue_restores__)
c:/users/anoos/onedrivefacultyofengineeringainshamsuniversity/desktop/imt_sdk_win_64/imt_sdk_win_64/winavr/bin/../lib/gcc/avr/4.3.3/avr5\libgcc.a(_pack_sf.o)
                              c:/users/anoos/onedrivefacultyofengineeringainshamsuniversity/desktop/imt_sdk_win_64/imt_sdk_win_64/winavr/bin/../lib/gcc/avr/4.3.3/avr5\libgcc.a(_addsub_sf.o) (__pack_f)
c:/users/anoos/onedrivefacultyofengineeringainshamsuniversity/desktop/imt_sdk_win_64/imt_sdk_win_64/winavr/bin/../lib/gcc/avr/4.3.3/avr5\libgcc.a(_unpack_sf.o)
                              c:/users/anoos/onedrivefacultyofengineeringainshamsuniversity/desktop/imt_sdk_win_64/imt_sdk_win_64/winavr/bin/../lib/gcc/avr/4.3.3/avr5\libgcc.a(_addsub_sf.o) (__unpack_f)
c:/users/anoos/onedrivefacultyofengineeringainshamsuniversity/desktop/imt_sdk_win_64/imt_sdk_win_64/winavr/bin/../lib/gcc/avr/4.3.3/avr5\libgcc.a(_fpcmp_parts_sf.o)
                              c:/users/anoos/onedrivefacultyofengineeringainshamsuniversity/desktop/imt_sdk_win_64/imt_sdk_win_64/winavr/bin/../lib/gcc/avr/4.3.3/avr5\libgcc.a(_gt_sf.o) (__fpcmp_parts_f)

Memory Configuration

Name             Origin             Length             Attributes
text             0x00000000         0x00020000         xr
data             0x00800060         0x0000ffa0         rw !x
eeprom           0x00810000         0x00010000         rw !x
fuse             0x00820000         0x00000400         rw !x
lock             0x00830000         0x00000400         rw !x
signature        0x00840000         0x00000400         rw !x
*default*        0x00000000         0xffffffff

Linker script and memory map

LOAD c:/users/anoos/onedrivefacultyofengineeringainshamsuniversity/desktop/imt_sdk_win_64/imt_sdk_win_64/winavr/bin/../lib/gcc/avr/4.3.3/../../../../avr/lib/avr5/crtm32.o
LOAD ./SRC/MCAL/WD/WD.o
LOAD ./SRC/MCAL/UART/UART.o
LOAD ./SRC/MCAL/TIMER/TIMER.o
LOAD ./SRC/MCAL/SPI/SPI.o
LOAD ./SRC/MCAL/GIE/GIE.o
LOAD ./SRC/MCAL/EXTI/EXTI.o
LOAD ./SRC/MCAL/DIO/Dio.o
LOAD ./SRC/MCAL/DIO/Dio_cfg.o
LOAD ./SRC/MCAL/ADC/ADC.o
LOAD ./SRC/HAL/SWITCH/Switch.o
LOAD ./SRC/HAL/SEGMENT/Segment.o
LOAD ./SRC/HAL/LED/Led.o
LOAD ./SRC/HAL/LED/Led_cfg.o
LOAD ./SRC/HAL/LCD/Lcd.o
LOAD ./SRC/HAL/LCD/Lcd_cfg.o
LOAD ./SRC/HAL/KEYPAD/Keypad.o
LOAD ./SRC/APP/main.o
LOAD ./SRC/APP/main2.o
LOAD c:/users/anoos/onedrivefacultyofengineeringainshamsuniversity/desktop/imt_sdk_win_64/imt_sdk_win_64/winavr/bin/../lib/gcc/avr/4.3.3/avr5\libgcc.a
LOAD c:/users/anoos/onedrivefacultyofengineeringainshamsuniversity/desktop/imt_sdk_win_64/imt_sdk_win_64/winavr/bin/../lib/gcc/avr/4.3.3/../../../../avr/lib/avr5\libc.a
LOAD c:/users/anoos/onedrivefacultyofengineeringainshamsuniversity/desktop/imt_sdk_win_64/imt_sdk_win_64/winavr/bin/../lib/gcc/avr/4.3.3/avr5\libgcc.a

.hash
 *(.hash)

.dynsym
 *(.dynsym)

.dynstr
 *(.dynstr)

.gnu.version
 *(.gnu.version)

.gnu.version_d
 *(.gnu.version_d)

.gnu.version_r
 *(.gnu.version_r)

.rel.init
 *(.rel.init)

.rela.init
 *(.rela.init)

.rel.text
 *(.rel.text)
 *(.rel.text.*)
 *(.rel.gnu.linkonce.t*)

.rela.text
 *(.rela.text)
 *(.rela.text.*)
 *(.rela.gnu.linkonce.t*)

.rel.fini
 *(.rel.fini)

.rela.fini
 *(.rela.fini)

.rel.rodata
 *(.rel.rodata)
 *(.rel.rodata.*)
 *(.rel.gnu.linkonce.r*)

.rela.rodata
 *(.rela.rodata)
 *(.rela.rodata.*)
 *(.rela.gnu.linkonce.r*)

.rel.data
 *(.rel.data)
 *(.rel.data.*)
 *(.rel.gnu.linkonce.d*)

.rela.data
 *(.rela.data)
 *(.rela.data.*)
 *(.rela.gnu.linkonce.d*)

.rel.ctors
 *(.rel.ctors)

.rela.ctors
 *(.rela.ctors)

.rel.dtors
 *(.rel.dtors)

.rela.dtors
 *(.rela.dtors)

.rel.got
 *(.rel.got)

.rela.got
 *(.rela.got)

.rel.bss
 *(.rel.bss)

.rela.bss
 *(.rela.bss)

.rel.plt
 *(.rel.plt)

.rela.plt
 *(.rela.plt)

.text           0x00000000     0x46d0
 *(.vectors)
 .vectors       0x00000000       0x54 c:/users/anoos/onedrivefacultyofengineeringainshamsuniversity/desktop/imt_sdk_win_64/imt_sdk_win_64/winavr/bin/../lib/gcc/avr/4.3.3/../../../../avr/lib/avr5/crtm32.o
                0x00000000                __vectors
                0x00000000                __vector_default
 *(.vectors)
 *(.progmem.gcc*)
 *(.progmem*)
                0x00000054                . = ALIGN (0x2)
                0x00000054                __trampolines_start = .
 *(.trampolines)
 .trampolines   0x00000054        0x0 linker stubs
 *(.trampolines*)
                0x00000054                __trampolines_end = .
 *(.jumptables)
 *(.jumptables*)
 *(.lowtext)
 *(.lowtext*)
                0x00000054                __ctors_start = .
 *(.ctors)
                0x00000054                __ctors_end = .
                0x00000054                __dtors_start = .
 *(.dtors)
                0x00000054                __dtors_end = .
 SORT(*)(.ctors)
 SORT(*)(.dtors)
 *(.init0)
 .init0         0x00000054        0x0 c:/users/anoos/onedrivefacultyofengineeringainshamsuniversity/desktop/imt_sdk_win_64/imt_sdk_win_64/winavr/bin/../lib/gcc/avr/4.3.3/../../../../avr/lib/avr5/crtm32.o
                0x00000054                __init
 *(.init0)
 *(.init1)
 *(.init1)
 *(.init2)
 .init2         0x00000054        0xc c:/users/anoos/onedrivefacultyofengineeringainshamsuniversity/desktop/imt_sdk_win_64/imt_sdk_win_64/winavr/bin/../lib/gcc/avr/4.3.3/../../../../avr/lib/avr5/crtm32.o
 *(.init2)
 *(.init3)
 *(.init3)
 *(.init4)
 .init4         0x00000060       0x16 c:/users/anoos/onedrivefacultyofengineeringainshamsuniversity/desktop/imt_sdk_win_64/imt_sdk_win_64/winavr/bin/../lib/gcc/avr/4.3.3/avr5\libgcc.a(_copy_data.o)
                0x00000060                __do_copy_data
 .init4         0x00000076       0x10 c:/users/anoos/onedrivefacultyofengineeringainshamsuniversity/desktop/imt_sdk_win_64/imt_sdk_win_64/winavr/bin/../lib/gcc/avr/4.3.3/avr5\libgcc.a(_clear_bss.o)
                0x00000076                __do_clear_bss
 *(.init4)
 *(.init5)
 *(.init5)
 *(.init6)
 *(.init6)
 *(.init7)
 *(.init7)
 *(.init8)
 *(.init8)
 *(.init9)
 .init9         0x00000086        0x8 c:/users/anoos/onedrivefacultyofengineeringainshamsuniversity/desktop/imt_sdk_win_64/imt_sdk_win_64/winavr/bin/../lib/gcc/avr/4.3.3/../../../../avr/lib/avr5/crtm32.o
 *(.init9)
 *(.text)
 .text          0x0000008e        0x4 c:/users/anoos/onedrivefacultyofengineeringainshamsuniversity/desktop/imt_sdk_win_64/imt_sdk_win_64/winavr/bin/../lib/gcc/avr/4.3.3/../../../../avr/lib/avr5/crtm32.o
                0x0000008e                __vector_12
                0x0000008e                __bad_interrupt
                0x0000008e                __vector_6
                0x0000008e                __vector_11
                0x0000008e                __vector_13
                0x0000008e                __vector_17
                0x0000008e                __vector_19
                0x0000008e                __vector_7
                0x0000008e                __vector_5
                0x0000008e                __vector_4
                0x0000008e                __vector_15
                0x0000008e                __vector_8
                0x0000008e                __vector_14
                0x0000008e                __vector_10
                0x0000008e                __vector_16
                0x0000008e                __vector_18
                0x0000008e                __vector_20
 .text          0x00000092        0x0 ./SRC/MCAL/WD/WD.o
 .text          0x00000092        0x0 ./SRC/MCAL/UART/UART.o
 .text          0x00000092        0x0 ./SRC/MCAL/TIMER/TIMER.o
 .text          0x00000092        0x0 ./SRC/MCAL/SPI/SPI.o
 .text          0x00000092        0x0 ./SRC/MCAL/GIE/GIE.o
 .text          0x00000092        0x0 ./SRC/MCAL/EXTI/EXTI.o
 .text          0x00000092        0x0 ./SRC/MCAL/DIO/Dio.o
 .text          0x00000092        0x0 ./SRC/MCAL/DIO/Dio_cfg.o
 .text          0x00000092        0x0 ./SRC/MCAL/ADC/ADC.o
 .text          0x00000092        0x0 ./SRC/HAL/SWITCH/Switch.o
 .text          0x00000092        0x0 ./SRC/HAL/SEGMENT/Segment.o
 .text          0x00000092        0x0 ./SRC/HAL/LED/Led.o
 .text          0x00000092        0x0 ./SRC/HAL/LED/Led_cfg.o
 .text          0x00000092        0x0 ./SRC/HAL/LCD/Lcd.o
 .text          0x00000092        0x0 ./SRC/HAL/LCD/Lcd_cfg.o
 .text          0x00000092        0x0 ./SRC/HAL/KEYPAD/Keypad.o
 .text          0x00000092        0x0 ./SRC/APP/main.o
 .text          0x00000092        0x0 ./SRC/APP/main2.o
 .text          0x00000092        0x0 c:/users/anoos/onedrivefacultyofengineeringainshamsuniversity/desktop/imt_sdk_win_64/imt_sdk_win_64/winavr/bin/../lib/gcc/avr/4.3.3/avr5\libgcc.a(_udivmodsi4.o)
 .text          0x00000092        0x0 c:/users/anoos/onedrivefacultyofengineeringainshamsuniversity/desktop/imt_sdk_win_64/imt_sdk_win_64/winavr/bin/../lib/gcc/avr/4.3.3/avr5\libgcc.a(_exit.o)
 .text          0x00000092        0x0 c:/users/anoos/onedrivefacultyofengineeringainshamsuniversity/desktop/imt_sdk_win_64/imt_sdk_win_64/winavr/bin/../lib/gcc/avr/4.3.3/avr5\libgcc.a(_copy_data.o)
 .text          0x00000092        0x0 c:/users/anoos/onedrivefacultyofengineeringainshamsuniversity/desktop/imt_sdk_win_64/imt_sdk_win_64/winavr/bin/../lib/gcc/avr/4.3.3/avr5\libgcc.a(_clear_bss.o)
 .text          0x00000092       0x58 c:/users/anoos/onedrivefacultyofengineeringainshamsuniversity/desktop/imt_sdk_win_64/imt_sdk_win_64/winavr/bin/../lib/gcc/avr/4.3.3/avr5\libgcc.a(_fixunssfsi.o)
                0x00000092                __fixunssfsi
 .text          0x000000ea      0x354 c:/users/anoos/onedrivefacultyofengineeringainshamsuniversity/desktop/imt_sdk_win_64/imt_sdk_win_64/winavr/bin/../lib/gcc/avr/4.3.3/avr5\libgcc.a(_addsub_sf.o)
                0x00000382                __subsf3
                0x000003e4                __addsf3
 .text          0x0000043e      0x1f4 c:/users/anoos/onedrivefacultyofengineeringainshamsuniversity/desktop/imt_sdk_win_64/imt_sdk_win_64/winavr/bin/../lib/gcc/avr/4.3.3/avr5\libgcc.a(_mul_sf.o)
                0x0000043e                __mulsf3
 .text          0x00000632       0x60 c:/users/anoos/onedrivefacultyofengineeringainshamsuniversity/desktop/imt_sdk_win_64/imt_sdk_win_64/winavr/bin/../lib/gcc/avr/4.3.3/avr5\libgcc.a(_gt_sf.o)
                0x00000632                __gtsf2
 .text          0x00000692       0x60 c:/users/anoos/onedrivefacultyofengineeringainshamsuniversity/desktop/imt_sdk_win_64/imt_sdk_win_64/winavr/bin/../lib/gcc/avr/4.3.3/avr5\libgcc.a(_ge_sf.o)
                0x00000692                __gesf2
 .text          0x000006f2       0x60 c:/users/anoos/onedrivefacultyofengineeringainshamsuniversity/desktop/imt_sdk_win_64/imt_sdk_win_64/winavr/bin/../lib/gcc/avr/4.3.3/avr5\libgcc.a(_lt_sf.o)
                0x000006f2                __ltsf2
 .text          0x00000752       0xa8 c:/users/anoos/onedrivefacultyofengineeringainshamsuniversity/desktop/imt_sdk_win_64/imt_sdk_win_64/winavr/bin/../lib/gcc/avr/4.3.3/avr5\libgcc.a(_sf_to_si.o)
                0x00000752                __fixsfsi
 .text          0x000007fa        0x0 c:/users/anoos/onedrivefacultyofengineeringainshamsuniversity/desktop/imt_sdk_win_64/imt_sdk_win_64/winavr/bin/../lib/gcc/avr/4.3.3/avr5\libgcc.a(_thenan_sf.o)
 .text          0x000007fa        0x0 c:/users/anoos/onedrivefacultyofengineeringainshamsuniversity/desktop/imt_sdk_win_64/imt_sdk_win_64/winavr/bin/../lib/gcc/avr/4.3.3/avr5\libgcc.a(_prologue.o)
 .text          0x000007fa        0x0 c:/users/anoos/onedrivefacultyofengineeringainshamsuniversity/desktop/imt_sdk_win_64/imt_sdk_win_64/winavr/bin/../lib/gcc/avr/4.3.3/avr5\libgcc.a(_epilogue.o)
 .text          0x000007fa      0x1aa c:/users/anoos/onedrivefacultyofengineeringainshamsuniversity/desktop/imt_sdk_win_64/imt_sdk_win_64/winavr/bin/../lib/gcc/avr/4.3.3/avr5\libgcc.a(_pack_sf.o)
                0x000007fa                __pack_f
 .text          0x000009a4       0xf0 c:/users/anoos/onedrivefacultyofengineeringainshamsuniversity/desktop/imt_sdk_win_64/imt_sdk_win_64/winavr/bin/../lib/gcc/avr/4.3.3/avr5\libgcc.a(_unpack_sf.o)
                0x000009a4                __unpack_f
 .text          0x00000a94       0xb2 c:/users/anoos/onedrivefacultyofengineeringainshamsuniversity/desktop/imt_sdk_win_64/imt_sdk_win_64/winavr/bin/../lib/gcc/avr/4.3.3/avr5\libgcc.a(_fpcmp_parts_sf.o)
                0x00000a94                __fpcmp_parts_f
                0x00000b46                . = ALIGN (0x2)
 *(.text.*)
 .text.WD_voidSleepTime
                0x00000b46      0x1ea ./SRC/MCAL/WD/WD.o
                0x00000b46                WD_voidSleepTime
 .text.WD_voidWatchDogEnable
                0x00000d30       0x1c ./SRC/MCAL/WD/WD.o
                0x00000d30                WD_voidWatchDogEnable
 .text.WD_voidWatchDogDisable
                0x00000d4c       0x2a ./SRC/MCAL/WD/WD.o
                0x00000d4c                WD_voidWatchDogDisable
 .text.UART_voidInit
                0x00000d76      0x4f0 ./SRC/MCAL/UART/UART.o
                0x00000d76                UART_voidInit
 .text.UART_voidSendChar
                0x00001266       0x34 ./SRC/MCAL/UART/UART.o
                0x00001266                UART_voidSendChar
 .text.UART_u8GetChar
                0x0000129a       0x26 ./SRC/MCAL/UART/UART.o
                0x0000129a                UART_u8GetChar
 .text.TIMER_voidInit
                0x000012c0      0x976 ./SRC/MCAL/TIMER/TIMER.o
                0x000012c0                TIMER_voidInit
 .text.SPI_voidMasterInit
                0x00001c36      0x2a2 ./SRC/MCAL/SPI/SPI.o
                0x00001c36                SPI_voidMasterInit
 .text.SPI_voidSlaveInit
                0x00001ed8      0x106 ./SRC/MCAL/SPI/SPI.o
                0x00001ed8                SPI_voidSlaveInit
 .text.SPI_u8DataTransfer
                0x00001fde       0x2c ./SRC/MCAL/SPI/SPI.o
                0x00001fde                SPI_u8DataTransfer
 .text.GIE_voidGlobalInterruptEnable
                0x0000200a       0x1c ./SRC/MCAL/GIE/GIE.o
                0x0000200a                GIE_voidGlobalInterruptEnable
 .text.GIE_voidGlobalInterruptDisable
                0x00002026       0x1c ./SRC/MCAL/GIE/GIE.o
                0x00002026                GIE_voidGlobalInterruptDisable
 .text.EXTI_voidEnable
                0x00002042      0x22a ./SRC/MCAL/EXTI/EXTI.o
                0x00002042                EXTI_voidEnable
 .text.EXTI_voidDisable
                0x0000226c       0x6e ./SRC/MCAL/EXTI/EXTI.o
                0x0000226c                EXTI_voidDisable
 .text.DIO_enuSetPinValue
                0x000022da      0x21a ./SRC/MCAL/DIO/Dio.o
                0x000022da                DIO_enuSetPinValue
 .text.DIO_enuSetPinDirection
                0x000024f4      0x21a ./SRC/MCAL/DIO/Dio.o
                0x000024f4                DIO_enuSetPinDirection
 .text.DIO_u8GetPinValue
                0x0000270e      0x108 ./SRC/MCAL/DIO/Dio.o
                0x0000270e                DIO_u8GetPinValue
 .text.DIO_enuSetPortDirection
                0x00002816       0x96 ./SRC/MCAL/DIO/Dio.o
                0x00002816                DIO_enuSetPortDirection
 .text.DIO_enuSetPortValue
                0x000028ac       0x96 ./SRC/MCAL/DIO/Dio.o
                0x000028ac                DIO_enuSetPortValue
 .text.ADC_voidInit
                0x00002942      0x296 ./SRC/MCAL/ADC/ADC.o
                0x00002942                ADC_voidInit
 .text.ADC_voidRead
                0x00002bd8      0x12c ./SRC/MCAL/ADC/ADC.o
                0x00002bd8                ADC_voidRead
 .text.ADC_voidDisable
                0x00002d04       0x1c ./SRC/MCAL/ADC/ADC.o
                0x00002d04                ADC_voidDisable
 .text.SWITCH_voidSetSwitchDir
                0x00002d20       0x40 ./SRC/HAL/SWITCH/Switch.o
                0x00002d20                SWITCH_voidSetSwitchDir
 .text.SWITCH_voidSetSwitchRead
                0x00002d60       0x2a ./SRC/HAL/SWITCH/Switch.o
                0x00002d60                SWITCH_voidSetSwitchRead
 .text.SEGMENT_voidSetSegmentDir
                0x00002d8a       0x24 ./SRC/HAL/SEGMENT/Segment.o
                0x00002d8a                SEGMENT_voidSetSegmentDir
 .text.SEGMENT_voidSetSegmentVal
                0x00002dae       0x54 ./SRC/HAL/SEGMENT/Segment.o
                0x00002dae                SEGMENT_voidSetSegmentVal
 .text.Led_voidSetLedDir
                0x00002e02       0x2c ./SRC/HAL/LED/Led.o
                0x00002e02                Led_voidSetLedDir
 .text.Led_voidTurnOn
                0x00002e2e       0x64 ./SRC/HAL/LED/Led.o
                0x00002e2e                Led_voidTurnOn
 .text.Led_voidTurnOff
                0x00002e92       0x64 ./SRC/HAL/LED/Led.o
                0x00002e92                Led_voidTurnOff
 .text.Led_voidToggle
                0x00002ef6       0xc6 ./SRC/HAL/LED/Led.o
                0x00002ef6                Led_voidToggle
 .text.Lcd_vidEnablePulse
                0x00002fbc      0x136 ./SRC/HAL/LCD/Lcd.o
                0x00002fbc                Lcd_vidEnablePulse
 .text.Lcd_vidSendCommand
                0x000030f2       0x46 ./SRC/HAL/LCD/Lcd.o
                0x000030f2                Lcd_vidSendCommand
 .text.Lcd_vidSendData
                0x00003138       0x46 ./SRC/HAL/LCD/Lcd.o
                0x00003138                Lcd_vidSendData
 .text.Lcd_vidInit
                0x0000317e      0x328 ./SRC/HAL/LCD/Lcd.o
                0x0000317e                Lcd_vidInit
 .text.Lcd_WriteString
                0x000034a6       0x62 ./SRC/HAL/LCD/Lcd.o
                0x000034a6                Lcd_WriteString
 .text.Lcd_WriteNumber
                0x00003508      0x124 ./SRC/HAL/LCD/Lcd.o
                0x00003508                Lcd_WriteNumber
 .text.Lcd_gotoPosition
                0x0000362c       0x68 ./SRC/HAL/LCD/Lcd.o
                0x0000362c                Lcd_gotoPosition
 .text.Keypad_voidGetPressedKey
                0x00003694      0x192 ./SRC/HAL/KEYPAD/Keypad.o
                0x00003694                Keypad_voidGetPressedKey
 .text.Keypad_voidSetKeyPadDir
                0x00003826       0x1e ./SRC/HAL/KEYPAD/Keypad.o
                0x00003826                Keypad_voidSetKeyPadDir
 .text.__vector_9
                0x00003844      0x104 ./SRC/APP/main2.o
                0x00003844                __vector_9
 .text.__vector_1
                0x00003948       0x38 ./SRC/APP/main2.o
                0x00003948                __vector_1
 .text.__vector_2
                0x00003980       0x5e ./SRC/APP/main2.o
                0x00003980                __vector_2
 .text.__vector_3
                0x000039de       0x5e ./SRC/APP/main2.o
                0x000039de                __vector_3
 .text.main     0x00003a3c      0x4ba ./SRC/APP/main2.o
                0x00003a3c                main
 .text.segDataDisplay
                0x00003ef6      0x6fe ./SRC/APP/main2.o
                0x00003ef6                segDataDisplay
 .text.segClearAllDigits
                0x000045f4       0x26 ./SRC/APP/main2.o
                0x000045f4                segClearAllDigits
 .text.libgcc   0x0000461a       0x44 c:/users/anoos/onedrivefacultyofengineeringainshamsuniversity/desktop/imt_sdk_win_64/imt_sdk_win_64/winavr/bin/../lib/gcc/avr/4.3.3/avr5\libgcc.a(_udivmodsi4.o)
                0x0000461a                __udivmodsi4
 .text.libgcc   0x0000465e        0x0 c:/users/anoos/onedrivefacultyofengineeringainshamsuniversity/desktop/imt_sdk_win_64/imt_sdk_win_64/winavr/bin/../lib/gcc/avr/4.3.3/avr5\libgcc.a(_exit.o)
 .text.libgcc   0x0000465e        0x0 c:/users/anoos/onedrivefacultyofengineeringainshamsuniversity/desktop/imt_sdk_win_64/imt_sdk_win_64/winavr/bin/../lib/gcc/avr/4.3.3/avr5\libgcc.a(_copy_data.o)
 .text.libgcc   0x0000465e        0x0 c:/users/anoos/onedrivefacultyofengineeringainshamsuniversity/desktop/imt_sdk_win_64/imt_sdk_win_64/winavr/bin/../lib/gcc/avr/4.3.3/avr5\libgcc.a(_clear_bss.o)
 .text.libgcc   0x0000465e       0x38 c:/users/anoos/onedrivefacultyofengineeringainshamsuniversity/desktop/imt_sdk_win_64/imt_sdk_win_64/winavr/bin/../lib/gcc/avr/4.3.3/avr5\libgcc.a(_prologue.o)
                0x0000465e                __prologue_saves__
 .text.libgcc   0x00004696       0x36 c:/users/anoos/onedrivefacultyofengineeringainshamsuniversity/desktop/imt_sdk_win_64/imt_sdk_win_64/winavr/bin/../lib/gcc/avr/4.3.3/avr5\libgcc.a(_epilogue.o)
                0x00004696                __epilogue_restores__
                0x000046cc                . = ALIGN (0x2)
 *(.fini9)
 .fini9         0x000046cc        0x0 c:/users/anoos/onedrivefacultyofengineeringainshamsuniversity/desktop/imt_sdk_win_64/imt_sdk_win_64/winavr/bin/../lib/gcc/avr/4.3.3/avr5\libgcc.a(_exit.o)
                0x000046cc                exit
                0x000046cc                _exit
 *(.fini9)
 *(.fini8)
 *(.fini8)
 *(.fini7)
 *(.fini7)
 *(.fini6)
 *(.fini6)
 *(.fini5)
 *(.fini5)
 *(.fini4)
 *(.fini4)
 *(.fini3)
 *(.fini3)
 *(.fini2)
 *(.fini2)
 *(.fini1)
 *(.fini1)
 *(.fini0)
 .fini0         0x000046cc        0x4 c:/users/anoos/onedrivefacultyofengineeringainshamsuniversity/desktop/imt_sdk_win_64/imt_sdk_win_64/winavr/bin/../lib/gcc/avr/4.3.3/avr5\libgcc.a(_exit.o)
 *(.fini0)
                0x000046d0                _etext = .

.data           0x00800060       0x74 load address 0x000046d0
                0x00800060                PROVIDE (__data_start, .)
 *(.data)
 .data          0x00800060        0x0 c:/users/anoos/onedrivefacultyofengineeringainshamsuniversity/desktop/imt_sdk_win_64/imt_sdk_win_64/winavr/bin/../lib/gcc/avr/4.3.3/../../../../avr/lib/avr5/crtm32.o
 .data          0x00800060        0x0 ./SRC/MCAL/WD/WD.o
 .data          0x00800060        0x0 ./SRC/MCAL/UART/UART.o
 .data          0x00800060        0x0 ./SRC/MCAL/TIMER/TIMER.o
 .data          0x00800060        0x0 ./SRC/MCAL/SPI/SPI.o
 .data          0x00800060        0x0 ./SRC/MCAL/GIE/GIE.o
 .data          0x00800060        0x0 ./SRC/MCAL/EXTI/EXTI.o
 .data          0x00800060        0x0 ./SRC/MCAL/DIO/Dio.o
 .data          0x00800060        0x0 ./SRC/MCAL/DIO/Dio_cfg.o
 .data          0x00800060        0x0 ./SRC/MCAL/ADC/ADC.o
 .data          0x00800060        0x0 ./SRC/HAL/SWITCH/Switch.o
 .data          0x00800060        0x0 ./SRC/HAL/SEGMENT/Segment.o
 .data          0x00800060        0x0 ./SRC/HAL/LED/Led.o
 .data          0x00800060        0x0 ./SRC/HAL/LED/Led_cfg.o
 .data          0x00800060        0x0 ./SRC/HAL/LCD/Lcd.o
 .data          0x00800060        0x0 ./SRC/HAL/LCD/Lcd_cfg.o
 .data          0x00800060        0x0 ./SRC/HAL/KEYPAD/Keypad.o
 .data          0x00800060        0x0 ./SRC/APP/main.o
 .data          0x00800060       0x46 ./SRC/APP/main2.o
 .data          0x008000a6        0x0 c:/users/anoos/onedrivefacultyofengineeringainshamsuniversity/desktop/imt_sdk_win_64/imt_sdk_win_64/winavr/bin/../lib/gcc/avr/4.3.3/avr5\libgcc.a(_udivmodsi4.o)
 .data          0x008000a6        0x0 c:/users/anoos/onedrivefacultyofengineeringainshamsuniversity/desktop/imt_sdk_win_64/imt_sdk_win_64/winavr/bin/../lib/gcc/avr/4.3.3/avr5\libgcc.a(_exit.o)
 .data          0x008000a6        0x0 c:/users/anoos/onedrivefacultyofengineeringainshamsuniversity/desktop/imt_sdk_win_64/imt_sdk_win_64/winavr/bin/../lib/gcc/avr/4.3.3/avr5\libgcc.a(_copy_data.o)
 .data          0x008000a6        0x0 c:/users/anoos/onedrivefacultyofengineeringainshamsuniversity/desktop/imt_sdk_win_64/imt_sdk_win_64/winavr/bin/../lib/gcc/avr/4.3.3/avr5\libgcc.a(_clear_bss.o)
 .data          0x008000a6        0x0 c:/users/anoos/onedrivefacultyofengineeringainshamsuniversity/desktop/imt_sdk_win_64/imt_sdk_win_64/winavr/bin/../lib/gcc/avr/4.3.3/avr5\libgcc.a(_fixunssfsi.o)
 .data          0x008000a6        0x0 c:/users/anoos/onedrivefacultyofengineeringainshamsuniversity/desktop/imt_sdk_win_64/imt_sdk_win_64/winavr/bin/../lib/gcc/avr/4.3.3/avr5\libgcc.a(_addsub_sf.o)
 .data          0x008000a6        0x0 c:/users/anoos/onedrivefacultyofengineeringainshamsuniversity/desktop/imt_sdk_win_64/imt_sdk_win_64/winavr/bin/../lib/gcc/avr/4.3.3/avr5\libgcc.a(_mul_sf.o)
 .data          0x008000a6        0x0 c:/users/anoos/onedrivefacultyofengineeringainshamsuniversity/desktop/imt_sdk_win_64/imt_sdk_win_64/winavr/bin/../lib/gcc/avr/4.3.3/avr5\libgcc.a(_gt_sf.o)
 .data          0x008000a6        0x0 c:/users/anoos/onedrivefacultyofengineeringainshamsuniversity/desktop/imt_sdk_win_64/imt_sdk_win_64/winavr/bin/../lib/gcc/avr/4.3.3/avr5\libgcc.a(_ge_sf.o)
 .data          0x008000a6        0x0 c:/users/anoos/onedrivefacultyofengineeringainshamsuniversity/desktop/imt_sdk_win_64/imt_sdk_win_64/winavr/bin/../lib/gcc/avr/4.3.3/avr5\libgcc.a(_lt_sf.o)
 .data          0x008000a6        0x0 c:/users/anoos/onedrivefacultyofengineeringainshamsuniversity/desktop/imt_sdk_win_64/imt_sdk_win_64/winavr/bin/../lib/gcc/avr/4.3.3/avr5\libgcc.a(_sf_to_si.o)
 .data          0x008000a6        0x8 c:/users/anoos/onedrivefacultyofengineeringainshamsuniversity/desktop/imt_sdk_win_64/imt_sdk_win_64/winavr/bin/../lib/gcc/avr/4.3.3/avr5\libgcc.a(_thenan_sf.o)
                0x008000a6                __thenan_sf
 .data          0x008000ae        0x0 c:/users/anoos/onedrivefacultyofengineeringainshamsuniversity/desktop/imt_sdk_win_64/imt_sdk_win_64/winavr/bin/../lib/gcc/avr/4.3.3/avr5\libgcc.a(_prologue.o)
 .data          0x008000ae        0x0 c:/users/anoos/onedrivefacultyofengineeringainshamsuniversity/desktop/imt_sdk_win_64/imt_sdk_win_64/winavr/bin/../lib/gcc/avr/4.3.3/avr5\libgcc.a(_epilogue.o)
 .data          0x008000ae        0x0 c:/users/anoos/onedrivefacultyofengineeringainshamsuniversity/desktop/imt_sdk_win_64/imt_sdk_win_64/winavr/bin/../lib/gcc/avr/4.3.3/avr5\libgcc.a(_pack_sf.o)
 .data          0x008000ae        0x0 c:/users/anoos/onedrivefacultyofengineeringainshamsuniversity/desktop/imt_sdk_win_64/imt_sdk_win_64/winavr/bin/../lib/gcc/avr/4.3.3/avr5\libgcc.a(_unpack_sf.o)
 .data          0x008000ae        0x0 c:/users/anoos/onedrivefacultyofengineeringainshamsuniversity/desktop/imt_sdk_win_64/imt_sdk_win_64/winavr/bin/../lib/gcc/avr/4.3.3/avr5\libgcc.a(_fpcmp_parts_sf.o)
 *(.data*)
 .data.KeyPadValues
                0x008000ae       0x10 ./SRC/HAL/KEYPAD/Keypad.o
                0x008000ae                KeyPadValues
 .data.seven_segmentArray
                0x008000be        0xa ./SRC/APP/main2.o
                0x008000be                seven_segmentArray
 .data.segments
                0x008000c8        0x2 ./SRC/APP/main2.o
                0x008000c8                segments
 .data.Lcd1     0x008000ca        0x5 ./SRC/APP/main2.o
                0x008000ca                Lcd1
 *(.rodata)
 *(.rodata*)
 .rodata.C.19.1474
                0x008000cf        0x5 ./SRC/APP/main2.o
 *(.gnu.linkonce.d*)
                0x008000d4                . = ALIGN (0x2)
                0x008000d4                _edata = .
                0x008000d4                PROVIDE (__data_end, .)

.bss            0x008000d4        0x7
                0x008000d4                PROVIDE (__bss_start, .)
 *(.bss)
 .bss           0x008000d4        0x0 c:/users/anoos/onedrivefacultyofengineeringainshamsuniversity/desktop/imt_sdk_win_64/imt_sdk_win_64/winavr/bin/../lib/gcc/avr/4.3.3/../../../../avr/lib/avr5/crtm32.o
 .bss           0x008000d4        0x0 ./SRC/MCAL/WD/WD.o
 .bss           0x008000d4        0x0 ./SRC/MCAL/UART/UART.o
 .bss           0x008000d4        0x0 ./SRC/MCAL/TIMER/TIMER.o
 .bss           0x008000d4        0x0 ./SRC/MCAL/SPI/SPI.o
 .bss           0x008000d4        0x0 ./SRC/MCAL/GIE/GIE.o
 .bss           0x008000d4        0x0 ./SRC/MCAL/EXTI/EXTI.o
 .bss           0x008000d4        0x0 ./SRC/MCAL/DIO/Dio.o
 .bss           0x008000d4        0x0 ./SRC/MCAL/DIO/Dio_cfg.o
 .bss           0x008000d4        0x0 ./SRC/MCAL/ADC/ADC.o
 .bss           0x008000d4        0x0 ./SRC/HAL/SWITCH/Switch.o
 .bss           0x008000d4        0x0 ./SRC/HAL/SEGMENT/Segment.o
 .bss           0x008000d4        0x0 ./SRC/HAL/LED/Led.o
 .bss           0x008000d4        0x0 ./SRC/HAL/LED/Led_cfg.o
 .bss           0x008000d4        0x0 ./SRC/HAL/LCD/Lcd.o
 .bss           0x008000d4        0x0 ./SRC/HAL/LCD/Lcd_cfg.o
 .bss           0x008000d4        0x0 ./SRC/HAL/KEYPAD/Keypad.o
 .bss           0x008000d4        0x0 ./SRC/APP/main.o
 .bss           0x008000d4        0x0 ./SRC/APP/main2.o
 .bss           0x008000d4        0x0 c:/users/anoos/onedrivefacultyofengineeringainshamsuniversity/desktop/imt_sdk_win_64/imt_sdk_win_64/winavr/bin/../lib/gcc/avr/4.3.3/avr5\libgcc.a(_udivmodsi4.o)
 .bss           0x008000d4        0x0 c:/users/anoos/onedrivefacultyofengineeringainshamsuniversity/desktop/imt_sdk_win_64/imt_sdk_win_64/winavr/bin/../lib/gcc/avr/4.3.3/avr5\libgcc.a(_exit.o)
 .bss           0x008000d4        0x0 c:/users/anoos/onedrivefacultyofengineeringainshamsuniversity/desktop/imt_sdk_win_64/imt_sdk_win_64/winavr/bin/../lib/gcc/avr/4.3.3/avr5\libgcc.a(_copy_data.o)
 .bss           0x008000d4        0x0 c:/users/anoos/onedrivefacultyofengineeringainshamsuniversity/desktop/imt_sdk_win_64/imt_sdk_win_64/winavr/bin/../lib/gcc/avr/4.3.3/avr5\libgcc.a(_clear_bss.o)
 .bss           0x008000d4        0x0 c:/users/anoos/onedrivefacultyofengineeringainshamsuniversity/desktop/imt_sdk_win_64/imt_sdk_win_64/winavr/bin/../lib/gcc/avr/4.3.3/avr5\libgcc.a(_fixunssfsi.o)
 .bss           0x008000d4        0x0 c:/users/anoos/onedrivefacultyofengineeringainshamsuniversity/desktop/imt_sdk_win_64/imt_sdk_win_64/winavr/bin/../lib/gcc/avr/4.3.3/avr5\libgcc.a(_addsub_sf.o)
 .bss           0x008000d4        0x0 c:/users/anoos/onedrivefacultyofengineeringainshamsuniversity/desktop/imt_sdk_win_64/imt_sdk_win_64/winavr/bin/../lib/gcc/avr/4.3.3/avr5\libgcc.a(_mul_sf.o)
 .bss           0x008000d4        0x0 c:/users/anoos/onedrivefacultyofengineeringainshamsuniversity/desktop/imt_sdk_win_64/imt_sdk_win_64/winavr/bin/../lib/gcc/avr/4.3.3/avr5\libgcc.a(_gt_sf.o)
 .bss           0x008000d4        0x0 c:/users/anoos/onedrivefacultyofengineeringainshamsuniversity/desktop/imt_sdk_win_64/imt_sdk_win_64/winavr/bin/../lib/gcc/avr/4.3.3/avr5\libgcc.a(_ge_sf.o)
 .bss           0x008000d4        0x0 c:/users/anoos/onedrivefacultyofengineeringainshamsuniversity/desktop/imt_sdk_win_64/imt_sdk_win_64/winavr/bin/../lib/gcc/avr/4.3.3/avr5\libgcc.a(_lt_sf.o)
 .bss           0x008000d4        0x0 c:/users/anoos/onedrivefacultyofengineeringainshamsuniversity/desktop/imt_sdk_win_64/imt_sdk_win_64/winavr/bin/../lib/gcc/avr/4.3.3/avr5\libgcc.a(_sf_to_si.o)
 .bss           0x008000d4        0x0 c:/users/anoos/onedrivefacultyofengineeringainshamsuniversity/desktop/imt_sdk_win_64/imt_sdk_win_64/winavr/bin/../lib/gcc/avr/4.3.3/avr5\libgcc.a(_thenan_sf.o)
 .bss           0x008000d4        0x0 c:/users/anoos/onedrivefacultyofengineeringainshamsuniversity/desktop/imt_sdk_win_64/imt_sdk_win_64/winavr/bin/../lib/gcc/avr/4.3.3/avr5\libgcc.a(_prologue.o)
 .bss           0x008000d4        0x0 c:/users/anoos/onedrivefacultyofengineeringainshamsuniversity/desktop/imt_sdk_win_64/imt_sdk_win_64/winavr/bin/../lib/gcc/avr/4.3.3/avr5\libgcc.a(_epilogue.o)
 .bss           0x008000d4        0x0 c:/users/anoos/onedrivefacultyofengineeringainshamsuniversity/desktop/imt_sdk_win_64/imt_sdk_win_64/winavr/bin/../lib/gcc/avr/4.3.3/avr5\libgcc.a(_pack_sf.o)
 .bss           0x008000d4        0x0 c:/users/anoos/onedrivefacultyofengineeringainshamsuniversity/desktop/imt_sdk_win_64/imt_sdk_win_64/winavr/bin/../lib/gcc/avr/4.3.3/avr5\libgcc.a(_unpack_sf.o)
 .bss           0x008000d4        0x0 c:/users/anoos/onedrivefacultyofengineeringainshamsuniversity/desktop/imt_sdk_win_64/imt_sdk_win_64/winavr/bin/../lib/gcc/avr/4.3.3/avr5\libgcc.a(_fpcmp_parts_sf.o)
 *(.bss*)
 .bss.reg_copy  0x008000d4        0x1 ./SRC/MCAL/UART/UART.o
                0x008000d4                reg_copy
 .bss.sec1      0x008000d5        0x1 ./SRC/APP/main2.o
 .bss.sec2      0x008000d6        0x1 ./SRC/APP/main2.o
 .bss.min1      0x008000d7        0x1 ./SRC/APP/main2.o
 .bss.min2      0x008000d8        0x1 ./SRC/APP/main2.o
 .bss.hrs1      0x008000d9        0x1 ./SRC/APP/main2.o
 .bss.hrs2      0x008000da        0x1 ./SRC/APP/main2.o
 *(COMMON)
                0x008000db                PROVIDE (__bss_end, .)
                0x000046d0                __data_load_start = LOADADDR (.data)
                0x00004744                __data_load_end = (__data_load_start + SIZEOF (.data))

.noinit         0x008000db        0x0
                0x008000db                PROVIDE (__noinit_start, .)
 *(.noinit*)
                0x008000db                PROVIDE (__noinit_end, .)
                0x008000db                _end = .
                0x008000db                PROVIDE (__heap_start, .)

.eeprom         0x00810000        0x0
 *(.eeprom*)
                0x00810000                __eeprom_end = .

.fuse
 *(.fuse)
 *(.lfuse)
 *(.hfuse)
 *(.efuse)

.lock
 *(.lock*)

.signature
 *(.signature*)

.stab           0x00000000     0x4c8c
 *(.stab)
 .stab          0x00000000      0x300 ./SRC/MCAL/WD/WD.o
 .stab          0x00000300      0x51c ./SRC/MCAL/UART/UART.o
                                0x528 (size before relaxing)
 .stab          0x0000081c      0x4d4 ./SRC/MCAL/TIMER/TIMER.o
                                0x4e0 (size before relaxing)
 .stab          0x00000cf0      0x420 ./SRC/MCAL/SPI/SPI.o
                                0x42c (size before relaxing)
 .stab          0x00001110      0x24c ./SRC/MCAL/GIE/GIE.o
                                0x258 (size before relaxing)
 .stab          0x0000135c      0x504 ./SRC/MCAL/EXTI/EXTI.o
                                0x510 (size before relaxing)
 .stab          0x00001860      0x6b4 ./SRC/MCAL/DIO/Dio.o
                                0x6c0 (size before relaxing)
 .stab          0x00001f14       0xd8 ./SRC/MCAL/DIO/Dio_cfg.o
                                 0xe4 (size before relaxing)
 .stab          0x00001fec      0x3d8 ./SRC/MCAL/ADC/ADC.o
                                0x3e4 (size before relaxing)
 .stab          0x000023c4      0x2ac ./SRC/HAL/SWITCH/Switch.o
                                0x2b8 (size before relaxing)
 .stab          0x00002670      0x2d0 ./SRC/HAL/SEGMENT/Segment.o
                                0x2dc (size before relaxing)
 .stab          0x00002940      0x42c ./SRC/HAL/LED/Led.o
                                0x438 (size before relaxing)
 .stab          0x00002d6c       0xd8 ./SRC/HAL/LED/Led_cfg.o
                                 0xe4 (size before relaxing)
 .stab          0x00002e44      0x8c4 ./SRC/HAL/LCD/Lcd.o
                                0xa5c (size before relaxing)
 .stab          0x00003708       0xd8 ./SRC/HAL/LCD/Lcd_cfg.o
                                 0xe4 (size before relaxing)
 .stab          0x000037e0      0x450 ./SRC/HAL/KEYPAD/Keypad.o
                                0x5e8 (size before relaxing)
 .stab          0x00003c30      0x324 ./SRC/APP/main.o
                                0x4bc (size before relaxing)
 .stab          0x00003f54      0xd38 ./SRC/APP/main2.o
                               0x1038 (size before relaxing)

.stabstr        0x00000000     0x286e
 *(.stabstr)
 .stabstr       0x00000000     0x286e ./SRC/MCAL/WD/WD.o

.stab.excl
 *(.stab.excl)

.stab.exclstr
 *(.stab.exclstr)

.stab.index
 *(.stab.index)

.stab.indexstr
 *(.stab.indexstr)

.comment
 *(.comment)

.debug
 *(.debug)

.line
 *(.line)

.debug_srcinfo
 *(.debug_srcinfo)

.debug_sfnames
 *(.debug_sfnames)

.debug_aranges  0x00000000      0x140
 *(.debug_aranges)
 .debug_aranges
                0x00000000       0x20 c:/users/anoos/onedrivefacultyofengineeringainshamsuniversity/desktop/imt_sdk_win_64/imt_sdk_win_64/winavr/bin/../lib/gcc/avr/4.3.3/avr5\libgcc.a(_fixunssfsi.o)
 .debug_aranges
                0x00000020       0x20 c:/users/anoos/onedrivefacultyofengineeringainshamsuniversity/desktop/imt_sdk_win_64/imt_sdk_win_64/winavr/bin/../lib/gcc/avr/4.3.3/avr5\libgcc.a(_addsub_sf.o)
 .debug_aranges
                0x00000040       0x20 c:/users/anoos/onedrivefacultyofengineeringainshamsuniversity/desktop/imt_sdk_win_64/imt_sdk_win_64/winavr/bin/../lib/gcc/avr/4.3.3/avr5\libgcc.a(_mul_sf.o)
 .debug_aranges
                0x00000060       0x20 c:/users/anoos/onedrivefacultyofengineeringainshamsuniversity/desktop/imt_sdk_win_64/imt_sdk_win_64/winavr/bin/../lib/gcc/avr/4.3.3/avr5\libgcc.a(_gt_sf.o)
 .debug_aranges
                0x00000080       0x20 c:/users/anoos/onedrivefacultyofengineeringainshamsuniversity/desktop/imt_sdk_win_64/imt_sdk_win_64/winavr/bin/../lib/gcc/avr/4.3.3/avr5\libgcc.a(_ge_sf.o)
 .debug_aranges
                0x000000a0       0x20 c:/users/anoos/onedrivefacultyofengineeringainshamsuniversity/desktop/imt_sdk_win_64/imt_sdk_win_64/winavr/bin/../lib/gcc/avr/4.3.3/avr5\libgcc.a(_lt_sf.o)
 .debug_aranges
                0x000000c0       0x20 c:/users/anoos/onedrivefacultyofengineeringainshamsuniversity/desktop/imt_sdk_win_64/imt_sdk_win_64/winavr/bin/../lib/gcc/avr/4.3.3/avr5\libgcc.a(_sf_to_si.o)
 .debug_aranges
                0x000000e0       0x20 c:/users/anoos/onedrivefacultyofengineeringainshamsuniversity/desktop/imt_sdk_win_64/imt_sdk_win_64/winavr/bin/../lib/gcc/avr/4.3.3/avr5\libgcc.a(_pack_sf.o)
 .debug_aranges
                0x00000100       0x20 c:/users/anoos/onedrivefacultyofengineeringainshamsuniversity/desktop/imt_sdk_win_64/imt_sdk_win_64/winavr/bin/../lib/gcc/avr/4.3.3/avr5\libgcc.a(_unpack_sf.o)
 .debug_aranges
                0x00000120       0x20 c:/users/anoos/onedrivefacultyofengineeringainshamsuniversity/desktop/imt_sdk_win_64/imt_sdk_win_64/winavr/bin/../lib/gcc/avr/4.3.3/avr5\libgcc.a(_fpcmp_parts_sf.o)

.debug_pubnames
                0x00000000      0x170
 *(.debug_pubnames)
 .debug_pubnames
                0x00000000       0x23 c:/users/anoos/onedrivefacultyofengineeringainshamsuniversity/desktop/imt_sdk_win_64/imt_sdk_win_64/winavr/bin/../lib/gcc/avr/4.3.3/avr5\libgcc.a(_fixunssfsi.o)
 .debug_pubnames
                0x00000023       0x2c c:/users/anoos/onedrivefacultyofengineeringainshamsuniversity/desktop/imt_sdk_win_64/imt_sdk_win_64/winavr/bin/../lib/gcc/avr/4.3.3/avr5\libgcc.a(_addsub_sf.o)
 .debug_pubnames
                0x0000004f       0x1f c:/users/anoos/onedrivefacultyofengineeringainshamsuniversity/desktop/imt_sdk_win_64/imt_sdk_win_64/winavr/bin/../lib/gcc/avr/4.3.3/avr5\libgcc.a(_mul_sf.o)
 .debug_pubnames
                0x0000006e       0x1e c:/users/anoos/onedrivefacultyofengineeringainshamsuniversity/desktop/imt_sdk_win_64/imt_sdk_win_64/winavr/bin/../lib/gcc/avr/4.3.3/avr5\libgcc.a(_gt_sf.o)
 .debug_pubnames
                0x0000008c       0x1e c:/users/anoos/onedrivefacultyofengineeringainshamsuniversity/desktop/imt_sdk_win_64/imt_sdk_win_64/winavr/bin/../lib/gcc/avr/4.3.3/avr5\libgcc.a(_ge_sf.o)
 .debug_pubnames
                0x000000aa       0x1e c:/users/anoos/onedrivefacultyofengineeringainshamsuniversity/desktop/imt_sdk_win_64/imt_sdk_win_64/winavr/bin/../lib/gcc/avr/4.3.3/avr5\libgcc.a(_lt_sf.o)
 .debug_pubnames
                0x000000c8       0x20 c:/users/anoos/onedrivefacultyofengineeringainshamsuniversity/desktop/imt_sdk_win_64/imt_sdk_win_64/winavr/bin/../lib/gcc/avr/4.3.3/avr5\libgcc.a(_sf_to_si.o)
 .debug_pubnames
                0x000000e8       0x22 c:/users/anoos/onedrivefacultyofengineeringainshamsuniversity/desktop/imt_sdk_win_64/imt_sdk_win_64/winavr/bin/../lib/gcc/avr/4.3.3/avr5\libgcc.a(_thenan_sf.o)
 .debug_pubnames
                0x0000010a       0x1f c:/users/anoos/onedrivefacultyofengineeringainshamsuniversity/desktop/imt_sdk_win_64/imt_sdk_win_64/winavr/bin/../lib/gcc/avr/4.3.3/avr5\libgcc.a(_pack_sf.o)
 .debug_pubnames
                0x00000129       0x21 c:/users/anoos/onedrivefacultyofengineeringainshamsuniversity/desktop/imt_sdk_win_64/imt_sdk_win_64/winavr/bin/../lib/gcc/avr/4.3.3/avr5\libgcc.a(_unpack_sf.o)
 .debug_pubnames
                0x0000014a       0x26 c:/users/anoos/onedrivefacultyofengineeringainshamsuniversity/desktop/imt_sdk_win_64/imt_sdk_win_64/winavr/bin/../lib/gcc/avr/4.3.3/avr5\libgcc.a(_fpcmp_parts_sf.o)

.debug_info     0x00000000     0x1c49
 *(.debug_info)
 .debug_info    0x00000000       0xb1 c:/users/anoos/onedrivefacultyofengineeringainshamsuniversity/desktop/imt_sdk_win_64/imt_sdk_win_64/winavr/bin/../lib/gcc/avr/4.3.3/avr5\libgcc.a(_fixunssfsi.o)
 .debug_info    0x000000b1      0x47a c:/users/anoos/onedrivefacultyofengineeringainshamsuniversity/desktop/imt_sdk_win_64/imt_sdk_win_64/winavr/bin/../lib/gcc/avr/4.3.3/avr5\libgcc.a(_addsub_sf.o)
 .debug_info    0x0000052b      0x485 c:/users/anoos/onedrivefacultyofengineeringainshamsuniversity/desktop/imt_sdk_win_64/imt_sdk_win_64/winavr/bin/../lib/gcc/avr/4.3.3/avr5\libgcc.a(_mul_sf.o)
 .debug_info    0x000009b0      0x27f c:/users/anoos/onedrivefacultyofengineeringainshamsuniversity/desktop/imt_sdk_win_64/imt_sdk_win_64/winavr/bin/../lib/gcc/avr/4.3.3/avr5\libgcc.a(_gt_sf.o)
 .debug_info    0x00000c2f      0x27f c:/users/anoos/onedrivefacultyofengineeringainshamsuniversity/desktop/imt_sdk_win_64/imt_sdk_win_64/winavr/bin/../lib/gcc/avr/4.3.3/avr5\libgcc.a(_ge_sf.o)
 .debug_info    0x00000eae      0x27f c:/users/anoos/onedrivefacultyofengineeringainshamsuniversity/desktop/imt_sdk_win_64/imt_sdk_win_64/winavr/bin/../lib/gcc/avr/4.3.3/avr5\libgcc.a(_lt_sf.o)
 .debug_info    0x0000112d      0x2b0 c:/users/anoos/onedrivefacultyofengineeringainshamsuniversity/desktop/imt_sdk_win_64/imt_sdk_win_64/winavr/bin/../lib/gcc/avr/4.3.3/avr5\libgcc.a(_sf_to_si.o)
 .debug_info    0x000013dd      0x12c c:/users/anoos/onedrivefacultyofengineeringainshamsuniversity/desktop/imt_sdk_win_64/imt_sdk_win_64/winavr/bin/../lib/gcc/avr/4.3.3/avr5\libgcc.a(_thenan_sf.o)
 .debug_info    0x00001509      0x2df c:/users/anoos/onedrivefacultyofengineeringainshamsuniversity/desktop/imt_sdk_win_64/imt_sdk_win_64/winavr/bin/../lib/gcc/avr/4.3.3/avr5\libgcc.a(_pack_sf.o)
 .debug_info    0x000017e8      0x251 c:/users/anoos/onedrivefacultyofengineeringainshamsuniversity/desktop/imt_sdk_win_64/imt_sdk_win_64/winavr/bin/../lib/gcc/avr/4.3.3/avr5\libgcc.a(_unpack_sf.o)
 .debug_info    0x00001a39      0x210 c:/users/anoos/onedrivefacultyofengineeringainshamsuniversity/desktop/imt_sdk_win_64/imt_sdk_win_64/winavr/bin/../lib/gcc/avr/4.3.3/avr5\libgcc.a(_fpcmp_parts_sf.o)
 *(.gnu.linkonce.wi.*)

.debug_abbrev   0x00000000      0xeeb
 *(.debug_abbrev)
 .debug_abbrev  0x00000000       0x5d c:/users/anoos/onedrivefacultyofengineeringainshamsuniversity/desktop/imt_sdk_win_64/imt_sdk_win_64/winavr/bin/../lib/gcc/avr/4.3.3/avr5\libgcc.a(_fixunssfsi.o)
 .debug_abbrev  0x0000005d      0x1ea c:/users/anoos/onedrivefacultyofengineeringainshamsuniversity/desktop/imt_sdk_win_64/imt_sdk_win_64/winavr/bin/../lib/gcc/avr/4.3.3/avr5\libgcc.a(_addsub_sf.o)
 .debug_abbrev  0x00000247      0x21b c:/users/anoos/onedrivefacultyofengineeringainshamsuniversity/desktop/imt_sdk_win_64/imt_sdk_win_64/winavr/bin/../lib/gcc/avr/4.3.3/avr5\libgcc.a(_mul_sf.o)
 .debug_abbrev  0x00000462      0x15a c:/users/anoos/onedrivefacultyofengineeringainshamsuniversity/desktop/imt_sdk_win_64/imt_sdk_win_64/winavr/bin/../lib/gcc/avr/4.3.3/avr5\libgcc.a(_gt_sf.o)
 .debug_abbrev  0x000005bc      0x15a c:/users/anoos/onedrivefacultyofengineeringainshamsuniversity/desktop/imt_sdk_win_64/imt_sdk_win_64/winavr/bin/../lib/gcc/avr/4.3.3/avr5\libgcc.a(_ge_sf.o)
 .debug_abbrev  0x00000716      0x15a c:/users/anoos/onedrivefacultyofengineeringainshamsuniversity/desktop/imt_sdk_win_64/imt_sdk_win_64/winavr/bin/../lib/gcc/avr/4.3.3/avr5\libgcc.a(_lt_sf.o)
 .debug_abbrev  0x00000870      0x17f c:/users/anoos/onedrivefacultyofengineeringainshamsuniversity/desktop/imt_sdk_win_64/imt_sdk_win_64/winavr/bin/../lib/gcc/avr/4.3.3/avr5\libgcc.a(_sf_to_si.o)
 .debug_abbrev  0x000009ef       0xad c:/users/anoos/onedrivefacultyofengineeringainshamsuniversity/desktop/imt_sdk_win_64/imt_sdk_win_64/winavr/bin/../lib/gcc/avr/4.3.3/avr5\libgcc.a(_thenan_sf.o)
 .debug_abbrev  0x00000a9c      0x1c0 c:/users/anoos/onedrivefacultyofengineeringainshamsuniversity/desktop/imt_sdk_win_64/imt_sdk_win_64/winavr/bin/../lib/gcc/avr/4.3.3/avr5\libgcc.a(_pack_sf.o)
 .debug_abbrev  0x00000c5c      0x154 c:/users/anoos/onedrivefacultyofengineeringainshamsuniversity/desktop/imt_sdk_win_64/imt_sdk_win_64/winavr/bin/../lib/gcc/avr/4.3.3/avr5\libgcc.a(_unpack_sf.o)
 .debug_abbrev  0x00000db0      0x13b c:/users/anoos/onedrivefacultyofengineeringainshamsuniversity/desktop/imt_sdk_win_64/imt_sdk_win_64/winavr/bin/../lib/gcc/avr/4.3.3/avr5\libgcc.a(_fpcmp_parts_sf.o)

.debug_line     0x00000000      0xdad
 *(.debug_line)
 .debug_line    0x00000000       0xa7 c:/users/anoos/onedrivefacultyofengineeringainshamsuniversity/desktop/imt_sdk_win_64/imt_sdk_win_64/winavr/bin/../lib/gcc/avr/4.3.3/avr5\libgcc.a(_fixunssfsi.o)
 .debug_line    0x000000a7      0x2af c:/users/anoos/onedrivefacultyofengineeringainshamsuniversity/desktop/imt_sdk_win_64/imt_sdk_win_64/winavr/bin/../lib/gcc/avr/4.3.3/avr5\libgcc.a(_addsub_sf.o)
 .debug_line    0x00000356      0x239 c:/users/anoos/onedrivefacultyofengineeringainshamsuniversity/desktop/imt_sdk_win_64/imt_sdk_win_64/winavr/bin/../lib/gcc/avr/4.3.3/avr5\libgcc.a(_mul_sf.o)
 .debug_line    0x0000058f       0xd3 c:/users/anoos/onedrivefacultyofengineeringainshamsuniversity/desktop/imt_sdk_win_64/imt_sdk_win_64/winavr/bin/../lib/gcc/avr/4.3.3/avr5\libgcc.a(_gt_sf.o)
 .debug_line    0x00000662       0xd3 c:/users/anoos/onedrivefacultyofengineeringainshamsuniversity/desktop/imt_sdk_win_64/imt_sdk_win_64/winavr/bin/../lib/gcc/avr/4.3.3/avr5\libgcc.a(_ge_sf.o)
 .debug_line    0x00000735       0xd3 c:/users/anoos/onedrivefacultyofengineeringainshamsuniversity/desktop/imt_sdk_win_64/imt_sdk_win_64/winavr/bin/../lib/gcc/avr/4.3.3/avr5\libgcc.a(_lt_sf.o)
 .debug_line    0x00000808      0x109 c:/users/anoos/onedrivefacultyofengineeringainshamsuniversity/desktop/imt_sdk_win_64/imt_sdk_win_64/winavr/bin/../lib/gcc/avr/4.3.3/avr5\libgcc.a(_sf_to_si.o)
 .debug_line    0x00000911       0x90 c:/users/anoos/onedrivefacultyofengineeringainshamsuniversity/desktop/imt_sdk_win_64/imt_sdk_win_64/winavr/bin/../lib/gcc/avr/4.3.3/avr5\libgcc.a(_thenan_sf.o)
 .debug_line    0x000009a1      0x18a c:/users/anoos/onedrivefacultyofengineeringainshamsuniversity/desktop/imt_sdk_win_64/imt_sdk_win_64/winavr/bin/../lib/gcc/avr/4.3.3/avr5\libgcc.a(_pack_sf.o)
 .debug_line    0x00000b2b      0x14b c:/users/anoos/onedrivefacultyofengineeringainshamsuniversity/desktop/imt_sdk_win_64/imt_sdk_win_64/winavr/bin/../lib/gcc/avr/4.3.3/avr5\libgcc.a(_unpack_sf.o)
 .debug_line    0x00000c76      0x137 c:/users/anoos/onedrivefacultyofengineeringainshamsuniversity/desktop/imt_sdk_win_64/imt_sdk_win_64/winavr/bin/../lib/gcc/avr/4.3.3/avr5\libgcc.a(_fpcmp_parts_sf.o)

.debug_frame    0x00000000      0x160
 *(.debug_frame)
 .debug_frame   0x00000000       0x20 c:/users/anoos/onedrivefacultyofengineeringainshamsuniversity/desktop/imt_sdk_win_64/imt_sdk_win_64/winavr/bin/../lib/gcc/avr/4.3.3/avr5\libgcc.a(_fixunssfsi.o)
 .debug_frame   0x00000020       0x40 c:/users/anoos/onedrivefacultyofengineeringainshamsuniversity/desktop/imt_sdk_win_64/imt_sdk_win_64/winavr/bin/../lib/gcc/avr/4.3.3/avr5\libgcc.a(_addsub_sf.o)
 .debug_frame   0x00000060       0x20 c:/users/anoos/onedrivefacultyofengineeringainshamsuniversity/desktop/imt_sdk_win_64/imt_sdk_win_64/winavr/bin/../lib/gcc/avr/4.3.3/avr5\libgcc.a(_mul_sf.o)
 .debug_frame   0x00000080       0x20 c:/users/anoos/onedrivefacultyofengineeringainshamsuniversity/desktop/imt_sdk_win_64/imt_sdk_win_64/winavr/bin/../lib/gcc/avr/4.3.3/avr5\libgcc.a(_gt_sf.o)
 .debug_frame   0x000000a0       0x20 c:/users/anoos/onedrivefacultyofengineeringainshamsuniversity/desktop/imt_sdk_win_64/imt_sdk_win_64/winavr/bin/../lib/gcc/avr/4.3.3/avr5\libgcc.a(_ge_sf.o)
 .debug_frame   0x000000c0       0x20 c:/users/anoos/onedrivefacultyofengineeringainshamsuniversity/desktop/imt_sdk_win_64/imt_sdk_win_64/winavr/bin/../lib/gcc/avr/4.3.3/avr5\libgcc.a(_lt_sf.o)
 .debug_frame   0x000000e0       0x20 c:/users/anoos/onedrivefacultyofengineeringainshamsuniversity/desktop/imt_sdk_win_64/imt_sdk_win_64/winavr/bin/../lib/gcc/avr/4.3.3/avr5\libgcc.a(_sf_to_si.o)
 .debug_frame   0x00000100       0x20 c:/users/anoos/onedrivefacultyofengineeringainshamsuniversity/desktop/imt_sdk_win_64/imt_sdk_win_64/winavr/bin/../lib/gcc/avr/4.3.3/avr5\libgcc.a(_pack_sf.o)
 .debug_frame   0x00000120       0x20 c:/users/anoos/onedrivefacultyofengineeringainshamsuniversity/desktop/imt_sdk_win_64/imt_sdk_win_64/winavr/bin/../lib/gcc/avr/4.3.3/avr5\libgcc.a(_unpack_sf.o)
 .debug_frame   0x00000140       0x20 c:/users/anoos/onedrivefacultyofengineeringainshamsuniversity/desktop/imt_sdk_win_64/imt_sdk_win_64/winavr/bin/../lib/gcc/avr/4.3.3/avr5\libgcc.a(_fpcmp_parts_sf.o)

.debug_str      0x00000000      0x28d
 *(.debug_str)
 .debug_str     0x00000000       0xbf c:/users/anoos/onedrivefacultyofengineeringainshamsuniversity/desktop/imt_sdk_win_64/imt_sdk_win_64/winavr/bin/../lib/gcc/avr/4.3.3/avr5\libgcc.a(_fixunssfsi.o)
                                 0xfe (size before relaxing)
 .debug_str     0x000000bf      0x14d c:/users/anoos/onedrivefacultyofengineeringainshamsuniversity/desktop/imt_sdk_win_64/imt_sdk_win_64/winavr/bin/../lib/gcc/avr/4.3.3/avr5\libgcc.a(_addsub_sf.o)
                                0x206 (size before relaxing)
 .debug_str     0x0000020c       0x27 c:/users/anoos/onedrivefacultyofengineeringainshamsuniversity/desktop/imt_sdk_win_64/imt_sdk_win_64/winavr/bin/../lib/gcc/avr/4.3.3/avr5\libgcc.a(_mul_sf.o)
                                0x1bf (size before relaxing)
 .debug_str     0x00000233        0xf c:/users/anoos/onedrivefacultyofengineeringainshamsuniversity/desktop/imt_sdk_win_64/imt_sdk_win_64/winavr/bin/../lib/gcc/avr/4.3.3/avr5\libgcc.a(_gt_sf.o)
                                0x195 (size before relaxing)
 .debug_str     0x00000242        0x8 c:/users/anoos/onedrivefacultyofengineeringainshamsuniversity/desktop/imt_sdk_win_64/imt_sdk_win_64/winavr/bin/../lib/gcc/avr/4.3.3/avr5\libgcc.a(_ge_sf.o)
                                0x195 (size before relaxing)
 .debug_str     0x0000024a        0x8 c:/users/anoos/onedrivefacultyofengineeringainshamsuniversity/desktop/imt_sdk_win_64/imt_sdk_win_64/winavr/bin/../lib/gcc/avr/4.3.3/avr5\libgcc.a(_lt_sf.o)
                                0x195 (size before relaxing)
 .debug_str     0x00000252        0xa c:/users/anoos/onedrivefacultyofengineeringainshamsuniversity/desktop/imt_sdk_win_64/imt_sdk_win_64/winavr/bin/../lib/gcc/avr/4.3.3/avr5\libgcc.a(_sf_to_si.o)
                                0x19e (size before relaxing)
 .debug_str     0x00000000      0x103 c:/users/anoos/onedrivefacultyofengineeringainshamsuniversity/desktop/imt_sdk_win_64/imt_sdk_win_64/winavr/bin/../lib/gcc/avr/4.3.3/avr5\libgcc.a(_thenan_sf.o)
 .debug_str     0x0000025c       0x16 c:/users/anoos/onedrivefacultyofengineeringainshamsuniversity/desktop/imt_sdk_win_64/imt_sdk_win_64/winavr/bin/../lib/gcc/avr/4.3.3/avr5\libgcc.a(_pack_sf.o)
                                0x19d (size before relaxing)
 .debug_str     0x00000272        0xb c:/users/anoos/onedrivefacultyofengineeringainshamsuniversity/desktop/imt_sdk_win_64/imt_sdk_win_64/winavr/bin/../lib/gcc/avr/4.3.3/avr5\libgcc.a(_unpack_sf.o)
                                0x17f (size before relaxing)
 .debug_str     0x0000027d       0x10 c:/users/anoos/onedrivefacultyofengineeringainshamsuniversity/desktop/imt_sdk_win_64/imt_sdk_win_64/winavr/bin/../lib/gcc/avr/4.3.3/avr5\libgcc.a(_fpcmp_parts_sf.o)
                                0x163 (size before relaxing)

.debug_loc      0x00000000      0x7ce
 *(.debug_loc)
 .debug_loc     0x00000000       0x34 c:/users/anoos/onedrivefacultyofengineeringainshamsuniversity/desktop/imt_sdk_win_64/imt_sdk_win_64/winavr/bin/../lib/gcc/avr/4.3.3/avr5\libgcc.a(_fixunssfsi.o)
 .debug_loc     0x00000034      0x32a c:/users/anoos/onedrivefacultyofengineeringainshamsuniversity/desktop/imt_sdk_win_64/imt_sdk_win_64/winavr/bin/../lib/gcc/avr/4.3.3/avr5\libgcc.a(_addsub_sf.o)
 .debug_loc     0x0000035e      0x104 c:/users/anoos/onedrivefacultyofengineeringainshamsuniversity/desktop/imt_sdk_win_64/imt_sdk_win_64/winavr/bin/../lib/gcc/avr/4.3.3/avr5\libgcc.a(_mul_sf.o)
 .debug_loc     0x00000462       0x3c c:/users/anoos/onedrivefacultyofengineeringainshamsuniversity/desktop/imt_sdk_win_64/imt_sdk_win_64/winavr/bin/../lib/gcc/avr/4.3.3/avr5\libgcc.a(_gt_sf.o)
 .debug_loc     0x0000049e       0x3c c:/users/anoos/onedrivefacultyofengineeringainshamsuniversity/desktop/imt_sdk_win_64/imt_sdk_win_64/winavr/bin/../lib/gcc/avr/4.3.3/avr5\libgcc.a(_ge_sf.o)
 .debug_loc     0x000004da       0x3c c:/users/anoos/onedrivefacultyofengineeringainshamsuniversity/desktop/imt_sdk_win_64/imt_sdk_win_64/winavr/bin/../lib/gcc/avr/4.3.3/avr5\libgcc.a(_lt_sf.o)
 .debug_loc     0x00000516       0x7e c:/users/anoos/onedrivefacultyofengineeringainshamsuniversity/desktop/imt_sdk_win_64/imt_sdk_win_64/winavr/bin/../lib/gcc/avr/4.3.3/avr5\libgcc.a(_sf_to_si.o)
 .debug_loc     0x00000594      0x13e c:/users/anoos/onedrivefacultyofengineeringainshamsuniversity/desktop/imt_sdk_win_64/imt_sdk_win_64/winavr/bin/../lib/gcc/avr/4.3.3/avr5\libgcc.a(_pack_sf.o)
 .debug_loc     0x000006d2       0xac c:/users/anoos/onedrivefacultyofengineeringainshamsuniversity/desktop/imt_sdk_win_64/imt_sdk_win_64/winavr/bin/../lib/gcc/avr/4.3.3/avr5\libgcc.a(_unpack_sf.o)
 .debug_loc     0x0000077e       0x50 c:/users/anoos/onedrivefacultyofengineeringainshamsuniversity/desktop/imt_sdk_win_64/imt_sdk_win_64/winavr/bin/../lib/gcc/avr/4.3.3/avr5\libgcc.a(_fpcmp_parts_sf.o)

.debug_macinfo
 *(.debug_macinfo)
OUTPUT(AVR_Drivers.elf elf32-avr)
LOAD linker stubs

.debug_ranges   0x00000000       0x50
 .debug_ranges  0x00000000       0x50 c:/users/anoos/onedrivefacultyofengineeringainshamsuniversity/desktop/imt_sdk_win_64/imt_sdk_win_64/winavr/bin/../lib/gcc/avr/4.3.3/avr5\libgcc.a(_mul_sf.o)
